Processing datasets_prepro/GSM6592049_M2_prepro.h5ad
Reading input file ...
Computing the spatial neighbors ...
Computing co-occurrence probability ...
  0%|          | 0/1 [00:00<?, ?/s]100%|##########| 1/1 [00:20<00:00, 20.56s/]100%|##########| 1/1 [00:20<00:00, 20.56s/]
Saving AnnData object ...
Finished outputs/prepro_coocc_int20/GSM6592049_M2_prepro_coocc_int20.h5ad
Processing datasets_prepro/GSM6592052_M5_prepro.h5ad
Reading input file ...
Computing the spatial neighbors ...
Computing co-occurrence probability ...
  0%|          | 0/1 [00:00<?, ?/s]100%|##########| 1/1 [00:41<00:00, 41.05s/]100%|##########| 1/1 [00:41<00:00, 41.06s/]
Saving AnnData object ...
Finished outputs/prepro_coocc_int20/GSM6592052_M5_prepro_coocc_int20.h5ad
Processing datasets_prepro/GSM6592053_M6_prepro.h5ad
Reading input file ...
Computing the spatial neighbors ...
Computing co-occurrence probability ...
  0%|          | 0/1 [00:00<?, ?/s]100%|##########| 1/1 [00:27<00:00, 27.64s/]100%|##########| 1/1 [00:27<00:00, 27.65s/]
Saving AnnData object ...
Finished outputs/prepro_coocc_int20/GSM6592053_M6_prepro_coocc_int20.h5ad
Processing datasets_prepro/GSM6592055_M8_prepro.h5ad
Reading input file ...
Computing the spatial neighbors ...
Computing co-occurrence probability ...
  0%|          | 0/1 [00:00<?, ?/s]100%|##########| 1/1 [00:22<00:00, 22.22s/]100%|##########| 1/1 [00:22<00:00, 22.23s/]
Saving AnnData object ...
Finished outputs/prepro_coocc_int20/GSM6592055_M8_prepro_coocc_int20.h5ad
Processing datasets_prepro/GSM6592059_M13_prepro.h5ad
Reading input file ...
Computing the spatial neighbors ...
Computing co-occurrence probability ...
  0%|          | 0/1 [00:00<?, ?/s]100%|##########| 1/1 [00:23<00:00, 23.81s/]100%|##########| 1/1 [00:23<00:00, 23.82s/]
Saving AnnData object ...
Finished outputs/prepro_coocc_int20/GSM6592059_M13_prepro_coocc_int20.h5ad
All files processed. Check outputs/prepro_coocc_int20/output.log for details.
