Processing datasets_prepro/GSM6592049_M2_prepro.h5ad
Reading input file ...
Computing the spatial neighbors ...
Computing co-occurrence probability ...
  0%|          | 0/1 [00:00<?, ?/s]100%|##########| 1/1 [00:51<00:00, 51.57s/]100%|##########| 1/1 [00:51<00:00, 51.58s/]
Saving AnnData object ...
Finished outputs/prepro_coocc_int100/GSM6592049_M2_prepro_coocc_int100.h5ad
Processing datasets_prepro/GSM6592052_M5_prepro.h5ad
Reading input file ...
Computing the spatial neighbors ...
Computing co-occurrence probability ...
  0%|          | 0/1 [00:00<?, ?/s]100%|##########| 1/1 [01:16<00:00, 76.53s/]100%|##########| 1/1 [01:16<00:00, 76.55s/]
Saving AnnData object ...
Finished outputs/prepro_coocc_int100/GSM6592052_M5_prepro_coocc_int100.h5ad
Processing datasets_prepro/GSM6592053_M6_prepro.h5ad
Reading input file ...
Computing the spatial neighbors ...
Computing co-occurrence probability ...
  0%|          | 0/1 [00:00<?, ?/s]100%|##########| 1/1 [00:52<00:00, 52.52s/]100%|##########| 1/1 [00:52<00:00, 52.53s/]
Saving AnnData object ...
Finished outputs/prepro_coocc_int100/GSM6592053_M6_prepro_coocc_int100.h5ad
Processing datasets_prepro/GSM6592055_M8_prepro.h5ad
Reading input file ...
Computing the spatial neighbors ...
Computing co-occurrence probability ...
  0%|          | 0/1 [00:00<?, ?/s]100%|##########| 1/1 [00:58<00:00, 58.43s/]100%|##########| 1/1 [00:58<00:00, 58.45s/]
Saving AnnData object ...
Finished outputs/prepro_coocc_int100/GSM6592055_M8_prepro_coocc_int100.h5ad
Processing datasets_prepro/GSM6592059_M13_prepro.h5ad
Reading input file ...
Computing the spatial neighbors ...
Computing co-occurrence probability ...
  0%|          | 0/1 [00:00<?, ?/s]100%|##########| 1/1 [01:18<00:00, 78.98s/]100%|##########| 1/1 [01:19<00:00, 79.00s/]
Saving AnnData object ...
Finished outputs/prepro_coocc_int100/GSM6592059_M13_prepro_coocc_int100.h5ad
All files processed. Check outputs/prepro_coocc_int100/output.log for details.
