Processing datasets_prepro/GSM6592049_M2_prepro.h5ad
Reading input file ...
Computing the spatial neighbors ...
obs ['leiden']
Computing Moran's I ...
  0%|          | 0/10 [00:00<?, ?/s] 10%|#         | 1/10 [00:12<01:50, 12.33s/]100%|##########| 10/10 [00:12<00:00,  1.23s/]
Saving AnnData object ...
Finished outputs/prepro_autocorr_obs_leiden/GSM6592049_M2_prepro_autocorr_obs_leiden.h5ad
Processing datasets_prepro/GSM6592052_M5_prepro.h5ad
Reading input file ...
Computing the spatial neighbors ...
obs ['leiden']
Computing Moran's I ...
  0%|          | 0/10 [00:00<?, ?/s] 10%|#         | 1/10 [00:12<01:49, 12.11s/]100%|##########| 10/10 [00:12<00:00,  1.21s/]
Saving AnnData object ...
Finished outputs/prepro_autocorr_obs_leiden/GSM6592052_M5_prepro_autocorr_obs_leiden.h5ad
Processing datasets_prepro/GSM6592053_M6_prepro.h5ad
Reading input file ...
Computing the spatial neighbors ...
obs ['leiden']
Computing Moran's I ...
  0%|          | 0/10 [00:00<?, ?/s] 10%|#         | 1/10 [00:12<01:50, 12.27s/]100%|##########| 10/10 [00:12<00:00,  1.23s/]
Saving AnnData object ...
Finished outputs/prepro_autocorr_obs_leiden/GSM6592053_M6_prepro_autocorr_obs_leiden.h5ad
Processing datasets_prepro/GSM6592055_M8_prepro.h5ad
Reading input file ...
Computing the spatial neighbors ...
obs ['leiden']
Computing Moran's I ...
  0%|          | 0/10 [00:00<?, ?/s] 10%|#         | 1/10 [00:12<01:49, 12.16s/]100%|##########| 10/10 [00:12<00:00,  1.22s/]
Saving AnnData object ...
Finished outputs/prepro_autocorr_obs_leiden/GSM6592055_M8_prepro_autocorr_obs_leiden.h5ad
Processing datasets_prepro/GSM6592059_M13_prepro.h5ad
Reading input file ...
Computing the spatial neighbors ...
obs ['leiden']
Computing Moran's I ...
  0%|          | 0/10 [00:00<?, ?/s] 10%|#         | 1/10 [00:12<01:54, 12.76s/]100%|##########| 10/10 [00:12<00:00,  1.28s/]
Saving AnnData object ...
Finished outputs/prepro_autocorr_obs_leiden/GSM6592059_M13_prepro_autocorr_obs_leiden.h5ad
All files processed. Check outputs/prepro_autocorr_obs_leiden/output.log for details.
